#options: 1280x720 fps=30/1 timebase=1/30 bitdepth=8 cabac=1 ref=1 deblock=1:0:0 analyse=0x1:0 me=dia subme=2 psy=1 psy_rd=1.00:0.00 mixed_ref=0 me_range=16 chroma_me=1 trellis=0 8x8dct=0 cqm=0 deadzone=21,11 fast_pskip=1 chroma_qp_offset=0 threads=18 lookahead_threads=5 sliced_threads=0 nr=0 decimate=1 interlaced=0 bluray_compat=0 constrained_intra=0 bframes=3 b_pyramid=2 b_adapt=1 b_bias=0 direct=1 weightb=1 open_gop=0 weightp=2 keyint=250 keyint_min=25 scenecut=40 intra_refresh=0 rc_lookahead=40 rc=abr mbtree=1 bitrate=540 ratetol=1.0 qcomp=0.60 qpmin=0 qpmax=69 qpstep=4 ip_ratio=1.40 aq=1:1.00
in:0 out:0 type:I dur:2 cpbdur:2 q:41.30 aq:22.19 tex:352 mv:920 misc:5992 imb:3600 pmb:0 smb:0 d:- ref:;
in:1 out:1 type:P dur:2 cpbdur:2 q:41.26 aq:27.26 tex:2808 mv:524 misc:332 imb:89 pmb:0 smb:3511 d:- ref:0 ;
in:4 out:2 type:P dur:2 cpbdur:2 q:41.17 aq:27.03 tex:10786 mv:1407 misc:735 imb:747 pmb:72 smb:2781 d:- ref:0 w:4,57,-38,0,2,-128,2,-128 ;
in:2 out:3 type:B dur:2 cpbdur:2 q:41.23 aq:33.00 tex:0 mv:0 misc:224 imb:0 pmb:0 smb:3600 d:- ref:0 ;
in:3 out:4 type:b dur:2 cpbdur:2 q:41.20 aq:26.00 tex:0 mv:0 misc:216 imb:0 pmb:0 smb:3600 d:- ref:0 ;
in:8 out:5 type:P dur:2 cpbdur:2 q:40.99 aq:29.08 tex:10672 mv:2078 misc:1546 imb:685 pmb:104 smb:2811 d:- ref:0 w:6,125,-14,0,2,-128,2,-128 ;
in:6 out:6 type:B dur:2 cpbdur:2 q:41.08 aq:22.73 tex:168 mv:406 misc:506 imb:23 pmb:47 smb:3530 d:- ref:0 ;
in:5 out:7 type:b dur:2 cpbdur:2 q:41.12 aq:26.00 tex:13 mv:109 misc:270 imb:5 pmb:5 smb:3590 d:- ref:0 ;
in:7 out:8 type:b dur:2 cpbdur:2 q:41.03 aq:27.17 tex:42 mv:202 misc:324 imb:8 pmb:9 smb:3583 d:- ref:0 ;
in:12 out:9 type:P dur:2 cpbdur:2 q:40.78 aq:28.74 tex:9887 mv:3245 misc:2052 imb:766 pmb:138 smb:2696 d:- ref:0 w:6,93,-7,5,47,-60,46,-56 ;
in:10 out:10 type:B dur:2 cpbdur:2 q:40.88 aq:25.94 tex:434 mv:428 misc:658 imb:25 pmb:75 smb:3500 d:- ref:0 ;
in:9 out:11 type:b dur:2 cpbdur:2 q:40.94 aq:27.07 tex:35 mv:219 misc:386 imb:10 pmb:22 smb:3568 d:- ref:0 ;
in:11 out:12 type:b dur:2 cpbdur:2 q:40.83 aq:26.00 tex:157 mv:290 misc:353 imb:13 pmb:11 smb:3576 d:- ref:0 ;
in:16 out:13 type:P dur:2 cpbdur:2 q:40.57 aq:30.21 tex:12509 mv:3008 misc:2235 imb:494 pmb:185 smb:2921 d:- ref:0 w:6,79,-3,6,89,-50,91,-54 ;
in:14 out:14 type:B dur:2 cpbdur:2 q:40.67 aq:25.71 tex:202 mv:310 misc:440 imb:15 pmb:19 smb:3566 d:- ref:0 ;
in:13 out:15 type:b dur:2 cpbdur:2 q:40.72 aq:26.00 tex:49 mv:312 misc:383 imb:11 pmb:17 smb:3572 d:- ref:0 ;
in:15 out:16 type:b dur:2 cpbdur:2 q:40.62 aq:29.51 tex:135 mv:128 misc:385 imb:4 pmb:23 smb:3573 d:- ref:0 ;
in:20 out:17 type:P dur:2 cpbdur:2 q:40.41 aq:30.78 tex:11455 mv:3726 misc:2299 imb:873 pmb:260 smb:2467 d:- ref:0 w:6,65,3 ;
in:18 out:18 type:B dur:2 cpbdur:2 q:40.49 aq:26.21 tex:360 mv:405 misc:531 imb:11 pmb:47 smb:3542 d:- ref:0 ;
in:17 out:19 type:b dur:2 cpbdur:2 q:40.53 aq:26.70 tex:87 mv:88 misc:289 imb:2 pmb:10 smb:3588 d:- ref:0 ;
in:19 out:20 type:b dur:2 cpbdur:2 q:40.45 aq:28.33 tex:136 mv:135 misc:329 imb:8 pmb:9 smb:3583 d:- ref:0 ;
in:23 out:21 type:P dur:2 cpbdur:2 q:33.66 aq:24.80 tex:88070 mv:16358 misc:1012 imb:2714 pmb:725 smb:161 d:- ref:0 w:6,65,2 ;
in:21 out:22 type:B dur:2 cpbdur:2 q:38.16 aq:24.88 tex:353 mv:533 misc:546 imb:28 pmb:28 smb:3544 d:- ref:0 ;
in:22 out:23 type:b dur:2 cpbdur:2 q:35.91 aq:25.42 tex:288 mv:193 misc:471 imb:7 pmb:35 smb:3558 d:- ref:0 ;
in:27 out:24 type:P dur:2 cpbdur:2 q:32.24 aq:23.51 tex:71992 mv:15457 misc:2191 imb:1536 pmb:1359 smb:705 d:- ref:0 w:6,67,1 ;
in:25 out:25 type:B dur:2 cpbdur:2 q:32.95 aq:24.34 tex:2785 mv:3638 misc:1897 imb:272 pmb:281 smb:3047 d:- ref:0 ;
in:24 out:26 type:b dur:2 cpbdur:2 q:33.31 aq:22.51 tex:600 mv:391 misc:609 imb:17 pmb:64 smb:3519 d:- ref:0 ;
in:26 out:27 type:b dur:2 cpbdur:2 q:32.60 aq:24.67 tex:900 mv:1352 misc:1180 imb:50 pmb:214 smb:3336 d:- ref:0 ;
in:31 out:28 type:P dur:2 cpbdur:2 q:31.11 aq:23.10 tex:129750 mv:17160 misc:1722 imb:1297 pmb:1799 smb:504 d:- ref:0 w:6,67,2 ;
in:29 out:29 type:B dur:2 cpbdur:2 q:31.68 aq:24.19 tex:4613 mv:4364 misc:2287 imb:274 pmb:435 smb:2891 d:- ref:0 ;
in:28 out:30 type:b dur:2 cpbdur:2 q:31.96 aq:24.19 tex:1117 mv:1208 misc:1059 imb:108 pmb:120 smb:3372 d:- ref:0 ;
in:30 out:31 type:b dur:2 cpbdur:2 q:31.39 aq:24.17 tex:1953 mv:2229 misc:2002 imb:93 pmb:358 smb:3149 d:- ref:0 ;
in:35 out:32 type:P dur:2 cpbdur:2 q:30.98 aq:23.23 tex:108212 mv:17330 misc:1658 imb:1352 pmb:1907 smb:341 d:- ref:0 w:4,17,0 ;
in:33 out:33 type:B dur:2 cpbdur:2 q:31.04 aq:23.47 tex:2945 mv:3370 misc:2005 imb:212 pmb:346 smb:3042 d:- ref:0 ;
in:32 out:34 type:b dur:2 cpbdur:2 q:31.08 aq:23.23 tex:1441 mv:1680 misc:1295 imb:96 pmb:165 smb:3339 d:- ref:0 ;
in:34 out:35 type:b dur:2 cpbdur:2 q:31.01 aq:24.75 tex:1380 mv:2039 misc:1341 imb:148 pmb:181 smb:3271 d:- ref:0 ;
in:39 out:36 type:P dur:2 cpbdur:2 q:30.88 aq:22.98 tex:140391 mv:19189 misc:1060 imb:1472 pmb:1972 smb:156 d:- ref:0 w:6,67,1 ;
in:37 out:37 type:B dur:2 cpbdur:2 q:30.93 aq:23.56 tex:4244 mv:4342 misc:2182 imb:194 pmb:453 smb:2953 d:- ref:0 ;
in:36 out:38 type:b dur:2 cpbdur:2 q:30.96 aq:24.95 tex:1857 mv:2528 misc:1535 imb:74 pmb:267 smb:3259 d:- ref:0 ;
in:38 out:39 type:b dur:2 cpbdur:2 q:30.91 aq:24.07 tex:1630 mv:1404 misc:1182 imb:82 pmb:182 smb:3336 d:- ref:0 ;
in:43 out:40 type:P dur:2 cpbdur:2 q:32.99 aq:25.18 tex:42422 mv:11009 misc:2841 imb:730 pmb:1480 smb:1390 d:- ref:0 w:6,67,1 ;
in:41 out:41 type:B dur:2 cpbdur:2 q:31.94 aq:25.23 tex:3459 mv:4307 misc:2498 imb:131 pmb:556 smb:2913 d:- ref:0 ;
in:40 out:42 type:b dur:2 cpbdur:2 q:31.41 aq:24.84 tex:1026 mv:1688 misc:1174 imb:55 pmb:163 smb:3382 d:- ref:0 ;
in:42 out:43 type:b dur:2 cpbdur:2 q:32.46 aq:25.31 tex:1032 mv:1530 misc:1022 imb:81 pmb:151 smb:3368 d:- ref:0 ;
in:47 out:44 type:P dur:2 cpbdur:2 q:33.79 aq:26.35 tex:57174 mv:14879 misc:2459 imb:1123 pmb:1760 smb:717 d:- ref:0 w:5,33,1 ;
in:45 out:45 type:B dur:2 cpbdur:2 q:33.39 aq:25.95 tex:2934 mv:3749 misc:2309 imb:145 pmb:477 smb:2978 d:- ref:0 ;
in:44 out:46 type:b dur:2 cpbdur:2 q:33.19 aq:26.93 tex:1017 mv:603 misc:764 imb:35 pmb:193 smb:3372 d:- ref:0 ;
in:46 out:47 type:b dur:2 cpbdur:2 q:33.59 aq:26.47 tex:368 mv:706 misc:670 imb:13 pmb:84 smb:3503 d:- ref:0 ;
in:51 out:48 type:P dur:2 cpbdur:2 q:35.28 aq:27.60 tex:33368 mv:10437 misc:3123 imb:752 pmb:1327 smb:1521 d:- ref:0 w:6,67,0 ;
in:49 out:49 type:B dur:2 cpbdur:2 q:34.54 aq:27.33 tex:1148 mv:1889 misc:1243 imb:39 pmb:186 smb:3375 d:- ref:0 ;
in:48 out:50 type:b dur:2 cpbdur:2 q:34.16 aq:24.32 tex:270 mv:347 misc:495 imb:11 pmb:38 smb:3551 d:- ref:0 ;
in:50 out:51 type:b dur:2 cpbdur:2 q:34.91 aq:30.21 tex:312 mv:468 misc:492 imb:14 pmb:36 smb:3550 d:- ref:0 ;
in:55 out:52 type:P dur:2 cpbdur:2 q:35.99 aq:28.42 tex:33026 mv:11968 misc:3246 imb:756 pmb:1376 smb:1468 d:- ref:0 w:6,67,0 ;
in:53 out:53 type:B dur:2 cpbdur:2 q:35.63 aq:28.60 tex:1111 mv:1952 misc:1449 imb:46 pmb:235 smb:3319 d:- ref:0 ;
in:52 out:54 type:b dur:2 cpbdur:2 q:35.46 aq:29.51 tex:276 mv:361 misc:555 imb:8 pmb:48 smb:3544 d:- ref:0 ;
in:54 out:55 type:b dur:2 cpbdur:2 q:35.81 aq:22.27 tex:374 mv:491 misc:511 imb:25 pmb:48 smb:3527 d:- ref:0 ;
in:59 out:56 type:P dur:2 cpbdur:2 q:36.96 aq:29.60 tex:26371 mv:9381 misc:3328 imb:506 pmb:1219 smb:1875 d:- ref:0 w:6,67,0 ;
in:57 out:57 type:B dur:2 cpbdur:2 q:36.48 aq:27.44 tex:593 mv:1234 misc:957 imb:36 pmb:120 smb:3444 d:- ref:0 ;
in:56 out:58 type:b dur:2 cpbdur:2 q:36.23 aq:27.93 tex:285 mv:331 misc:416 imb:4 pmb:33 smb:3563 d:- ref:0 ;
in:58 out:59 type:b dur:2 cpbdur:2 q:36.72 aq:27.57 tex:201 mv:255 misc:424 imb:13 pmb:24 smb:3563 d:- ref:0 ;
in:63 out:60 type:P dur:2 cpbdur:2 q:36.63 aq:29.30 tex:69912 mv:14175 misc:2457 imb:755 pmb:1924 smb:921 d:- ref:0 w:6,67,1 ;
in:61 out:61 type:B dur:2 cpbdur:2 q:36.80 aq:30.46 tex:1598 mv:2672 misc:1658 imb:73 pmb:270 smb:3257 d:- ref:0 ;
in:60 out:62 type:b dur:2 cpbdur:2 q:36.88 aq:31.71 tex:440 mv:899 misc:749 imb:38 pmb:85 smb:3477 d:- ref:0 ;
in:62 out:63 type:b dur:2 cpbdur:2 q:36.71 aq:27.80 tex:315 mv:321 misc:460 imb:8 pmb:37 smb:3555 d:- ref:0 ;
in:64 out:64 type:P dur:2 cpbdur:2 q:36.57 aq:28.99 tex:12429 mv:2630 misc:2621 imb:162 pmb:553 smb:2885 d:- ref:0 ;
in:68 out:65 type:P dur:2 cpbdur:2 q:36.29 aq:29.02 tex:58080 mv:11459 misc:3029 imb:484 pmb:1755 smb:1361 d:- ref:0 w:6,67,0 ;
in:66 out:66 type:B dur:2 cpbdur:2 q:36.43 aq:29.16 tex:947 mv:2220 misc:1217 imb:51 pmb:179 smb:3370 d:- ref:0 ;
in:65 out:67 type:b dur:2 cpbdur:2 q:36.50 aq:28.99 tex:190 mv:417 misc:465 imb:13 pmb:32 smb:3555 d:- ref:0 ;
in:67 out:68 type:b dur:2 cpbdur:2 q:36.36 aq:30.32 tex:250 mv:298 misc:412 imb:5 pmb:30 smb:3565 d:- ref:0 ;
in:72 out:69 type:P dur:2 cpbdur:2 q:35.96 aq:28.88 tex:57374 mv:11726 misc:3124 imb:481 pmb:1816 smb:1303 d:- ref:0 w:6,67,0 ;
in:70 out:70 type:B dur:2 cpbdur:2 q:36.13 aq:30.51 tex:812 mv:1637 misc:983 imb:27 pmb:160 smb:3413 d:- ref:0 ;
in:69 out:71 type:b dur:2 cpbdur:2 q:36.21 aq:30.21 tex:153 mv:157 misc:418 imb:3 pmb:28 smb:3569 d:- ref:0 ;
in:71 out:72 type:b dur:2 cpbdur:2 q:36.04 aq:30.21 tex:440 mv:431 misc:481 imb:10 pmb:38 smb:3552 d:- ref:0 ;
in:76 out:73 type:P dur:2 cpbdur:2 q:35.71 aq:29.15 tex:82552 mv:11220 misc:2580 imb:371 pmb:2028 smb:1201 d:- ref:0 w:6,67,0,6,67,-5,64,0 ;
in:74 out:74 type:B dur:2 cpbdur:2 q:35.83 aq:29.36 tex:1626 mv:2585 misc:1429 imb:36 pmb:334 smb:3230 d:- ref:0 ;
in:73 out:75 type:b dur:2 cpbdur:2 q:35.90 aq:28.38 tex:308 mv:229 misc:511 imb:8 pmb:46 smb:3546 d:- ref:0 ;
in:75 out:76 type:b dur:2 cpbdur:2 q:35.77 aq:29.91 tex:753 mv:960 misc:791 imb:34 pmb:84 smb:3482 d:- ref:0 ;
in:78 out:77 type:P dur:2 cpbdur:2 q:35.51 aq:28.75 tex:57937 mv:8625 misc:3102 imb:354 pmb:1586 smb:1660 d:- ref:0 w:6,65,0 ;
in:77 out:78 type:b dur:2 cpbdur:2 q:35.61 aq:29.81 tex:227 mv:618 misc:555 imb:9 pmb:58 smb:3533 d:- ref:0 ;
in:82 out:79 type:P dur:2 cpbdur:2 q:36.21 aq:30.44 tex:39706 mv:13272 misc:2502 imb:1312 pmb:1358 smb:930 d:- ref:0 ;
in:80 out:80 type:B dur:2 cpbdur:2 q:35.86 aq:30.68 tex:896 mv:1617 misc:1063 imb:15 pmb:160 smb:3425 d:- ref:0 ;
in:79 out:81 type:b dur:2 cpbdur:2 q:35.69 aq:28.56 tex:70 mv:108 misc:366 imb:1 pmb:22 smb:3577 d:- ref:0 ;
in:81 out:82 type:b dur:2 cpbdur:2 q:36.04 aq:30.50 tex:188 mv:436 misc:496 imb:3 pmb:46 smb:3551 d:- ref:0 ;
in:83 out:83 type:P dur:2 cpbdur:2 q:36.60 aq:30.30 tex:18342 mv:5798 misc:2956 imb:218 pmb:947 smb:2435 d:- ref:0 ;
in:87 out:84 type:P dur:2 cpbdur:2 q:36.54 aq:30.39 tex:41639 mv:12945 misc:3120 imb:768 pmb:1544 smb:1288 d:- ref:0 w:6,67,-2 ;
in:85 out:85 type:B dur:2 cpbdur:2 q:36.57 aq:31.34 tex:607 mv:1703 misc:1098 imb:22 pmb:156 smb:3422 d:- ref:0 ;
in:84 out:86 type:b dur:2 cpbdur:2 q:36.58 aq:28.02 tex:118 mv:287 misc:435 imb:6 pmb:36 smb:3558 d:- ref:0 ;
in:86 out:87 type:b dur:2 cpbdur:2 q:36.55 aq:31.38 tex:346 mv:545 misc:557 imb:17 pmb:45 smb:3538 d:- ref:0 ;
in:91 out:88 type:P dur:2 cpbdur:2 q:36.64 aq:30.43 tex:89630 mv:11419 misc:2327 imb:373 pmb:2013 smb:1214 d:- ref:0 w:5,33,2,6,68,-8,67,-7 ;
in:89 out:89 type:B dur:2 cpbdur:2 q:36.59 aq:32.37 tex:1004 mv:1896 misc:1132 imb:6 pmb:187 smb:3407 d:- ref:0 ;
in:88 out:90 type:b dur:2 cpbdur:2 q:36.56 aq:30.79 tex:239 mv:508 misc:565 imb:13 pmb:53 smb:3534 d:- ref:0 ;
in:90 out:91 type:b dur:2 cpbdur:2 q:36.61 aq:32.74 tex:488 mv:713 misc:767 imb:22 pmb:87 smb:3491 d:- ref:0 ;
in:93 out:92 type:P dur:2 cpbdur:2 q:37.09 aq:30.57 tex:41347 mv:7714 misc:3035 imb:323 pmb:1409 smb:1868 d:- ref:0 w:6,65,0 ;
in:92 out:93 type:b dur:2 cpbdur:2 q:36.86 aq:25.71 tex:650 mv:987 misc:715 imb:41 pmb:96 smb:3463 d:- ref:0 ;
in:94 out:94 type:P dur:2 cpbdur:2 q:36.90 aq:30.37 tex:13652 mv:2828 misc:2512 imb:189 pmb:548 smb:2863 d:- ref:0 ;
in:98 out:95 type:P dur:2 cpbdur:2 q:37.32 aq:31.43 tex:42683 mv:15002 misc:2515 imb:1196 pmb:1498 smb:906 d:- ref:0 ;
in:96 out:96 type:B dur:2 cpbdur:2 q:37.11 aq:31.64 tex:816 mv:2121 misc:1079 imb:8 pmb:202 smb:3390 d:- ref:0 ;
in:95 out:97 type:b dur:2 cpbdur:2 q:37.00 aq:31.97 tex:379 mv:469 misc:520 imb:5 pmb:51 smb:3544 d:- ref:0 ;
in:97 out:98 type:b dur:2 cpbdur:2 q:37.21 aq:30.70 tex:292 mv:459 misc:465 imb:5 pmb:44 smb:3551 d:- ref:0 ;
in:102 out:99 type:P dur:2 cpbdur:2 q:37.24 aq:31.18 tex:45163 mv:8459 misc:2834 imb:120 pmb:1660 smb:1820 d:- ref:0 w:5,33,0 ;
in:100 out:100 type:B dur:2 cpbdur:2 q:37.28 aq:32.40 tex:934 mv:1807 misc:1187 imb:22 pmb:195 smb:3383 d:- ref:0 ;
in:99 out:101 type:b dur:2 cpbdur:2 q:37.30 aq:28.33 tex:70 mv:92 misc:358 imb:0 pmb:23 smb:3577 d:- ref:0 ;
in:101 out:102 type:b dur:2 cpbdur:2 q:37.26 aq:31.63 tex:257 mv:620 misc:555 imb:6 pmb:61 smb:3533 d:- ref:0 ;
in:103 out:103 type:P dur:2 cpbdur:2 q:37.32 aq:31.32 tex:31293 mv:8306 misc:3393 imb:387 pmb:1356 smb:1857 d:- ref:0 ;
in:107 out:104 type:P dur:2 cpbdur:2 q:37.28 aq:31.26 tex:101923 mv:12183 misc:2206 imb:351 pmb:2172 smb:1077 d:- ref:0 w:6,65,2,6,68,-8,67,-7 ;
in:105 out:105 type:B dur:2 cpbdur:2 q:37.30 aq:31.82 tex:1519 mv:3739 misc:1870 imb:150 pmb:336 smb:3114 d:- ref:0 ;
in:104 out:106 type:b dur:2 cpbdur:2 q:37.31 aq:32.37 tex:221 mv:449 misc:538 imb:17 pmb:46 smb:3537 d:- ref:0 ;
in:106 out:107 type:b dur:2 cpbdur:2 q:37.29 aq:30.77 tex:422 mv:706 misc:656 imb:3 pmb:86 smb:3511 d:- ref:0 ;
in:111 out:108 type:P dur:2 cpbdur:2 q:37.66 aq:31.52 tex:56434 mv:11613 misc:3089 imb:556 pmb:1808 smb:1236 d:- ref:0 w:5,33,-1 ;
in:109 out:109 type:B dur:2 cpbdur:2 q:37.47 aq:32.40 tex:992 mv:2398 misc:1234 imb:21 pmb:224 smb:3355 d:- ref:0 ;
in:108 out:110 type:b dur:2 cpbdur:2 q:37.38 aq:28.74 tex:264 mv:550 misc:546 imb:19 pmb:54 smb:3527 d:- ref:0 ;
in:110 out:111 type:b dur:2 cpbdur:2 q:37.57 aq:32.73 tex:377 mv:778 misc:613 imb:21 pmb:60 smb:3519 d:- ref:0 ;
in:113 out:112 type:P dur:2 cpbdur:2 q:37.65 aq:31.00 tex:37793 mv:11215 misc:3192 imb:763 pmb:1509 smb:1328 d:- ref:0 ;
in:112 out:113 type:b dur:2 cpbdur:2 q:37.65 aq:33.60 tex:170 mv:354 misc:436 imb:0 pmb:40 smb:3560 d:- ref:0 ;
in:114 out:114 type:P dur:2 cpbdur:2 q:37.84 aq:30.76 tex:8967 mv:2619 misc:2358 imb:89 pmb:467 smb:3044 d:- ref:0 ;
in:118 out:115 type:P dur:2 cpbdur:2 q:37.70 aq:31.38 tex:44972 mv:9643 misc:2753 imb:108 pmb:1750 smb:1742 d:- ref:0 ;
in:116 out:116 type:B dur:2 cpbdur:2 q:37.77 aq:31.10 tex:874 mv:2186 misc:1124 imb:4 pmb:222 smb:3374 d:- ref:0 ;
in:115 out:117 type:b dur:2 cpbdur:2 q:37.80 aq:33.27 tex:176 mv:308 misc:380 imb:0 pmb:32 smb:3568 d:- ref:0 ;
in:117 out:118 type:b dur:2 cpbdur:2 q:37.73 aq:33.61 tex:209 mv:396 misc:395 imb:0 pmb:40 smb:3560 d:- ref:0 ;
in:122 out:119 type:P dur:2 cpbdur:2 q:37.62 aq:29.98 tex:86221 mv:15464 misc:2115 imb:654 pmb:2418 smb:528 d:- ref:0 ;
in:120 out:120 type:B dur:2 cpbdur:2 q:37.66 aq:32.42 tex:695 mv:1366 misc:899 imb:0 pmb:158 smb:3442 d:- ref:0 ;
in:119 out:121 type:b dur:2 cpbdur:2 q:37.68 aq:23.09 tex:61 mv:75 misc:328 imb:0 pmb:19 smb:3581 d:- ref:0 ;
in:121 out:122 type:b dur:2 cpbdur:2 q:37.64 aq:34.99 tex:165 mv:440 misc:459 imb:0 pmb:47 smb:3553 d:- ref:0 ;
in:126 out:123 type:P dur:2 cpbdur:2 q:38.42 aq:32.01 tex:19817 mv:6328 misc:2719 imb:19 pmb:1205 smb:2376 d:- ref:0 ;
in:124 out:124 type:B dur:2 cpbdur:2 q:38.02 aq:33.66 tex:649 mv:1458 misc:829 imb:0 pmb:151 smb:3449 d:- ref:0 ;
in:123 out:125 type:b dur:2 cpbdur:2 q:37.82 aq:31.00 tex:7 mv:141 misc:348 imb:0 pmb:27 smb:3573 d:- ref:0 ;
in:125 out:126 type:b dur:2 cpbdur:2 q:38.22 aq:32.87 tex:97 mv:334 misc:377 imb:0 pmb:31 smb:3569 d:- ref:0 ;
in:128 out:127 type:P dur:2 cpbdur:2 q:38.35 aq:32.05 tex:21723 mv:5404 misc:2681 imb:12 pmb:1102 smb:2486 d:- ref:0 ;
in:127 out:128 type:b dur:2 cpbdur:2 q:38.39 aq:33.27 tex:172 mv:301 misc:367 imb:0 pmb:28 smb:3572 d:- ref:0 ;
in:132 out:129 type:P dur:2 cpbdur:2 q:38.19 aq:31.90 tex:24620 mv:7064 misc:2772 imb:30 pmb:1247 smb:2323 d:- ref:0 ;
in:130 out:130 type:B dur:2 cpbdur:2 q:38.27 aq:32.29 tex:461 mv:1350 misc:765 imb:0 pmb:130 smb:3470 d:- ref:0 ;
in:129 out:131 type:b dur:2 cpbdur:2 q:38.31 aq:31.00 tex:1 mv:18 misc:261 imb:0 pmb:6 smb:3594 d:- ref:0 ;
in:131 out:132 type:b dur:2 cpbdur:2 q:38.23 aq:33.36 tex:214 mv:462 misc:420 imb:0 pmb:45 smb:3555 d:- ref:0 ;
in:136 out:133 type:P dur:2 cpbdur:2 q:38.49 aq:30.90 tex:42297 mv:11125 misc:3210 imb:209 pmb:1800 smb:1591 d:- ref:0 ;
in:134 out:134 type:B dur:2 cpbdur:2 q:38.34 aq:31.89 tex:645 mv:1643 misc:936 imb:0 pmb:171 smb:3429 d:- ref:0 ;
in:133 out:135 type:b dur:2 cpbdur:2 q:38.27 aq:31.00 tex:7 mv:55 misc:330 imb:0 pmb:18 smb:3582 d:- ref:0 ;
in:135 out:136 type:b dur:2 cpbdur:2 q:38.42 aq:27.79 tex:337 mv:450 misc:469 imb:0 pmb:67 smb:3533 d:- ref:0 ;
in:138 out:137 type:P dur:2 cpbdur:2 q:38.80 aq:31.87 tex:20828 mv:5095 misc:2629 imb:12 pmb:1060 smb:2528 d:- ref:0 ;
in:137 out:138 type:b dur:2 cpbdur:2 q:38.64 aq:33.24 tex:110 mv:344 misc:354 imb:0 pmb:30 smb:3570 d:- ref:0 ;
in:142 out:139 type:P dur:2 cpbdur:2 q:38.58 aq:32.56 tex:20123 mv:6600 misc:2717 imb:23 pmb:1145 smb:2432 d:- ref:0 ;
in:140 out:140 type:B dur:2 cpbdur:2 q:38.69 aq:32.66 tex:365 mv:1053 misc:678 imb:0 pmb:99 smb:3501 d:- ref:0 ;
in:139 out:141 type:b dur:2 cpbdur:2 q:38.74 aq:32.00 tex:5 mv:50 misc:305 imb:0 pmb:15 smb:3585 d:- ref:0 ;
in:141 out:142 type:b dur:2 cpbdur:2 q:38.64 aq:33.63 tex:197 mv:319 misc:364 imb:0 pmb:31 smb:3569 d:- ref:0 ;
in:146 out:143 type:P dur:2 cpbdur:2 q:38.24 aq:32.32 tex:28105 mv:7738 misc:2813 imb:48 pmb:1314 smb:2238 d:- ref:0 ;
in:144 out:144 type:B dur:2 cpbdur:2 q:38.41 aq:32.08 tex:549 mv:1550 misc:853 imb:0 pmb:158 smb:3442 d:- ref:0 ;
in:143 out:145 type:b dur:2 cpbdur:2 q:38.50 aq:31.00 tex:7 mv:87 misc:306 imb:0 pmb:19 smb:3581 d:- ref:0 ;
in:145 out:146 type:b dur:2 cpbdur:2 q:38.33 aq:33.22 tex:200 mv:439 misc:449 imb:0 pmb:43 smb:3557 d:- ref:0 ;
in:148 out:147 type:P dur:2 cpbdur:2 q:38.13 aq:32.02 tex:23538 mv:5442 misc:2644 imb:16 pmb:1084 smb:2500 d:- ref:0 ;
in:147 out:148 type:b dur:2 cpbdur:2 q:38.19 aq:33.07 tex:159 mv:387 misc:382 imb:0 pmb:32 smb:3568 d:- ref:0 ;
in:152 out:149 type:P dur:2 cpbdur:2 q:37.90 aq:30.24 tex:66510 mv:13734 misc:2900 imb:442 pmb:2129 smb:1029 d:- ref:0 w:0,1,-1 ;
in:150 out:150 type:B dur:2 cpbdur:2 q:38.02 aq:33.45 tex:669 mv:1567 misc:1004 imb:1 pmb:194 smb:3405 d:- ref:0 ;
in:149 out:151 type:b dur:2 cpbdur:2 q:38.07 aq:23.24 tex:435 mv:173 misc:496 imb:0 pmb:104 smb:3496 d:- ref:0 ;
in:151 out:152 type:b dur:2 cpbdur:2 q:37.96 aq:32.86 tex:62 mv:474 misc:472 imb:0 pmb:48 smb:3552 d:- ref:0 ;
in:156 out:153 type:P dur:2 cpbdur:2 q:37.90 aq:31.24 tex:36178 mv:8301 misc:2945 imb:61 pmb:1505 smb:2034 d:- ref:0 ;
in:154 out:154 type:B dur:2 cpbdur:2 q:37.90 aq:31.09 tex:601 mv:1957 misc:946 imb:1 pmb:200 smb:3399 d:- ref:0 ;
in:153 out:155 type:b dur:2 cpbdur:2 q:37.90 aq:31.00 tex:10 mv:110 misc:352 imb:0 pmb:26 smb:3574 d:- ref:0 ;
in:155 out:156 type:b dur:2 cpbdur:2 q:37.90 aq:33.06 tex:132 mv:443 misc:417 imb:0 pmb:42 smb:3558 d:- ref:0 ;
in:158 out:157 type:P dur:2 cpbdur:2 q:37.74 aq:30.51 tex:32710 mv:6322 misc:2656 imb:20 pmb:1335 smb:2245 d:- ref:0 ;
in:157 out:158 type:b dur:2 cpbdur:2 q:37.82 aq:32.71 tex:182 mv:483 misc:439 imb:0 pmb:44 smb:3556 d:- ref:0 ;
in:162 out:159 type:P dur:2 cpbdur:2 q:37.57 aq:31.61 tex:32233 mv:7104 misc:2663 imb:21 pmb:1360 smb:2219 d:- ref:0 ;
in:160 out:160 type:B dur:2 cpbdur:2 q:37.65 aq:31.50 tex:566 mv:1479 misc:827 imb:0 pmb:145 smb:3455 d:- ref:0 ;
in:159 out:161 type:b dur:2 cpbdur:2 q:37.70 aq:31.00 tex:4 mv:88 misc:364 imb:0 pmb:29 smb:3571 d:- ref:0 ;
in:161 out:162 type:b dur:2 cpbdur:2 q:37.61 aq:32.42 tex:293 mv:583 misc:452 imb:0 pmb:50 smb:3550 d:- ref:0 ;
in:166 out:163 type:P dur:2 cpbdur:2 q:37.37 aq:29.93 tex:79559 mv:13539 misc:2662 imb:249 pmb:2252 smb:1099 d:- ref:0 ;
in:164 out:164 type:B dur:2 cpbdur:2 q:37.47 aq:31.97 tex:1043 mv:1701 misc:896 imb:0 pmb:169 smb:3431 d:- ref:0 ;
in:163 out:165 type:b dur:2 cpbdur:2 q:37.52 aq:30.00 tex:8 mv:162 misc:406 imb:0 pmb:39 smb:3561 d:- ref:0 ;
in:165 out:166 type:b dur:2 cpbdur:2 q:37.42 aq:32.07 tex:456 mv:619 misc:509 imb:0 pmb:59 smb:3541 d:- ref:0 ;
in:168 out:167 type:P dur:2 cpbdur:2 q:37.80 aq:30.96 tex:34260 mv:6234 misc:2594 imb:11 pmb:1342 smb:2247 d:- ref:0 ;
in:167 out:168 type:b dur:2 cpbdur:2 q:37.58 aq:32.89 tex:182 mv:610 misc:480 imb:0 pmb:55 smb:3545 d:- ref:0 ;
in:172 out:169 type:P dur:2 cpbdur:2 q:37.62 aq:31.04 tex:28519 mv:7168 misc:2697 imb:26 pmb:1302 smb:2272 d:- ref:0 ;
in:170 out:170 type:B dur:2 cpbdur:2 q:37.71 aq:34.84 tex:280 mv:1397 misc:835 imb:0 pmb:139 smb:3461 d:- ref:0 ;
in:169 out:171 type:b dur:2 cpbdur:2 q:37.75 aq:31.00 tex:3 mv:60 misc:329 imb:0 pmb:22 smb:3578 d:- ref:0 ;
in:171 out:172 type:b dur:2 cpbdur:2 q:37.66 aq:33.07 tex:176 mv:541 misc:451 imb:0 pmb:53 smb:3547 d:- ref:0 ;
in:176 out:173 type:P dur:2 cpbdur:2 q:37.51 aq:31.40 tex:28728 mv:7551 misc:2825 imb:27 pmb:1335 smb:2238 d:- ref:0 ;
in:174 out:174 type:B dur:2 cpbdur:2 q:37.57 aq:30.81 tex:867 mv:2070 misc:991 imb:0 pmb:207 smb:3393 d:- ref:0 ;
in:173 out:175 type:b dur:2 cpbdur:2 q:37.59 aq:31.00 tex:7 mv:203 misc:406 imb:0 pmb:37 smb:3563 d:- ref:0 ;
in:175 out:176 type:b dur:2 cpbdur:2 q:37.54 aq:33.24 tex:277 mv:438 misc:445 imb:0 pmb:47 smb:3553 d:- ref:0 ;
in:178 out:177 type:P dur:2 cpbdur:2 q:37.62 aq:31.93 tex:23518 mv:5718 misc:2612 imb:14 pmb:1091 smb:2495 d:- ref:0 ;
in:177 out:178 type:b dur:2 cpbdur:2 q:37.57 aq:33.11 tex:136 mv:562 misc:470 imb:0 pmb:53 smb:3547 d:- ref:0 ;
in:182 out:179 type:P dur:2 cpbdur:2 q:37.50 aq:30.07 tex:71817 mv:13156 misc:2611 imb:197 pmb:2225 smb:1178 d:- ref:0 ;
in:180 out:180 type:B dur:2 cpbdur:2 q:37.56 aq:32.86 tex:630 mv:1696 misc:930 imb:2 pmb:157 smb:3441 d:- ref:0 ;
in:179 out:181 type:b dur:2 cpbdur:2 q:37.59 aq:31.00 tex:5 mv:60 misc:319 imb:0 pmb:18 smb:3582 d:- ref:0 ;
in:181 out:182 type:b dur:2 cpbdur:2 q:37.53 aq:32.89 tex:321 mv:663 misc:560 imb:0 pmb:72 smb:3528 d:- ref:0 ;
in:186 out:183 type:P dur:2 cpbdur:2 q:37.77 aq:31.27 tex:32639 mv:7464 misc:2713 imb:25 pmb:1416 smb:2159 d:- ref:0 ;
in:184 out:184 type:B dur:2 cpbdur:2 q:37.63 aq:31.94 tex:1037 mv:1988 misc:991 imb:0 pmb:212 smb:3388 d:- ref:0 ;
in:183 out:185 type:b dur:2 cpbdur:2 q:37.56 aq:31.00 tex:6 mv:128 misc:362 imb:0 pmb:31 smb:3569 d:- ref:0 ;
in:185 out:186 type:b dur:2 cpbdur:2 q:37.70 aq:32.90 tex:250 mv:630 misc:480 imb:0 pmb:63 smb:3537 d:- ref:0 ;
in:188 out:187 type:P dur:2 cpbdur:2 q:37.78 aq:31.99 tex:27147 mv:5946 misc:2651 imb:10 pmb:1190 smb:2400 d:- ref:0 ;
in:187 out:188 type:b dur:2 cpbdur:2 q:37.78 aq:32.89 tex:285 mv:661 misc:486 imb:0 pmb:59 smb:3541 d:- ref:0 ;
in:192 out:189 type:P dur:2 cpbdur:2 q:37.62 aq:31.58 tex:28664 mv:7402 misc:2670 imb:24 pmb:1301 smb:2275 d:- ref:0 ;
in:190 out:190 type:B dur:2 cpbdur:2 q:37.70 aq:30.86 tex:387 mv:1564 misc:849 imb:0 pmb:152 smb:3448 d:- ref:0 ;
in:189 out:191 type:b dur:2 cpbdur:2 q:37.74 aq:31.00 tex:5 mv:57 misc:386 imb:0 pmb:30 smb:3570 d:- ref:0 ;
in:191 out:192 type:b dur:2 cpbdur:2 q:37.66 aq:33.38 tex:157 mv:557 misc:470 imb:0 pmb:51 smb:3549 d:- ref:0 ;
in:196 out:193 type:P dur:2 cpbdur:2 q:37.45 aq:30.43 tex:68464 mv:12731 misc:2733 imb:224 pmb:2053 smb:1323 d:- ref:0 ;
in:194 out:194 type:B dur:2 cpbdur:2 q:37.54 aq:31.68 tex:1173 mv:1975 misc:964 imb:0 pmb:196 smb:3404 d:- ref:0 ;
in:193 out:195 type:b dur:2 cpbdur:2 q:37.58 aq:31.00 tex:13 mv:348 misc:487 imb:0 pmb:56 smb:3544 d:- ref:0 ;
in:195 out:196 type:b dur:2 cpbdur:2 q:37.50 aq:26.46 tex:434 mv:777 misc:533 imb:1 pmb:68 smb:3531 d:- ref:0 ;
in:198 out:197 type:P dur:2 cpbdur:2 q:37.75 aq:31.54 tex:33244 mv:6007 misc:2701 imb:28 pmb:1258 smb:2314 d:- ref:0 ;
in:197 out:198 type:b dur:2 cpbdur:2 q:37.60 aq:32.91 tex:310 mv:611 misc:495 imb:0 pmb:61 smb:3539 d:- ref:0 ;
in:199 out:199 type:P dur:2 cpbdur:2 q:37.58 aq:31.56 tex:7764 mv:1035 misc:1577 imb:8 pmb:328 smb:3264 d:- ref:0 ;
in:203 out:200 type:P dur:2 cpbdur:2 q:37.42 aq:32.25 tex:32991 mv:7687 misc:2658 imb:51 pmb:1305 smb:2244 d:- ref:0 ;
in:201 out:201 type:B dur:2 cpbdur:2 q:37.50 aq:34.75 tex:900 mv:2638 misc:1142 imb:1 pmb:249 smb:3350 d:- ref:0 ;
in:200 out:202 type:b dur:2 cpbdur:2 q:37.54 aq:35.89 tex:324 mv:718 misc:550 imb:0 pmb:70 smb:3530 d:- ref:0 ;
in:202 out:203 type:b dur:2 cpbdur:2 q:37.46 aq:37.80 tex:276 mv:647 misc:557 imb:0 pmb:73 smb:3527 d:- ref:0 ;
in:204 out:204 type:P dur:2 cpbdur:2 q:37.29 aq:33.21 tex:6227 mv:787 misc:1178 imb:2 pmb:225 smb:3373 d:- ref:0 ;
in:208 out:205 type:P dur:2 cpbdur:2 q:37.30 aq:33.57 tex:25363 mv:7488 misc:2629 imb:103 pmb:1046 smb:2451 d:- ref:0 ;
in:206 out:206 type:B dur:2 cpbdur:2 q:37.30 aq:32.81 tex:829 mv:2333 misc:1142 imb:0 pmb:241 smb:3359 d:- ref:0 ;
in:205 out:207 type:b dur:2 cpbdur:2 q:37.30 aq:32.05 tex:339 mv:771 misc:586 imb:0 pmb:80 smb:3520 d:- ref:0 ;
in:207 out:208 type:b dur:2 cpbdur:2 q:37.30 aq:35.24 tex:352 mv:796 misc:604 imb:0 pmb:86 smb:3514 d:- ref:0 ;
in:212 out:209 type:P dur:2 cpbdur:2 q:37.19 aq:34.67 tex:51607 mv:16829 misc:2180 imb:1464 pmb:1552 smb:584 d:- ref:0 w:6,75,1,6,71,-14,75,-22 ;
in:210 out:210 type:B dur:2 cpbdur:2 q:37.25 aq:35.14 tex:14532 mv:11896 misc:2404 imb:802 pmb:655 smb:2143 d:- ref:0 ;
in:209 out:211 type:b dur:2 cpbdur:2 q:37.28 aq:35.02 tex:211 mv:406 misc:991 imb:0 pmb:168 smb:3432 d:- ref:0 ;
in:211 out:212 type:b dur:2 cpbdur:2 q:37.22 aq:35.90 tex:2181 mv:2517 misc:1446 imb:63 pmb:349 smb:3188 d:- ref:0 ;
in:216 out:213 type:P dur:2 cpbdur:2 q:37.32 aq:34.53 tex:107364 mv:21004 misc:504 imb:2368 pmb:1217 smb:15 d:- ref:0 w:6,65,40,6,71,-17,64,0 ;
in:214 out:214 type:B dur:2 cpbdur:2 q:37.25 aq:36.04 tex:53191 mv:12695 misc:2378 imb:447 pmb:1952 smb:1201 d:- ref:0 ;
in:213 out:215 type:b dur:2 cpbdur:2 q:37.22 aq:36.98 tex:6713 mv:3638 misc:2417 imb:120 pmb:666 smb:2814 d:- ref:0 ;
in:215 out:216 type:b dur:2 cpbdur:2 q:37.29 aq:37.04 tex:17105 mv:6033 misc:2790 imb:131 pmb:1065 smb:2404 d:- ref:0 ;
in:217 out:217 type:P dur:2 cpbdur:2 q:37.42 aq:23.54 tex:10960 mv:6680 misc:808 imb:2253 pmb:26 smb:1321 d:- ref:0 ;
in:218 out:218 type:P dur:2 cpbdur:2 q:37.48 aq:29.26 tex:86652 mv:3696 misc:1308 imb:547 pmb:234 smb:2819 d:- ref:0 ;
in:219 out:219 type:I dur:2 cpbdur:2 q:34.54 aq:26.45 tex:197694 mv:44756 misc:462 imb:3600 pmb:0 smb:0 d:- ref:;
in:223 out:220 type:P dur:2 cpbdur:2 q:37.80 aq:34.85 tex:228781 mv:21351 misc:308 imb:2895 pmb:705 smb:0 d:- ref:0 w:4,23,-128 ;
in:221 out:221 type:B dur:2 cpbdur:2 q:37.80 aq:35.02 tex:69853 mv:9207 misc:1804 imb:164 pmb:1674 smb:1762 d:- ref:0 ;
in:220 out:222 type:b dur:2 cpbdur:2 q:37.80 aq:35.00 tex:17817 mv:3942 misc:2153 imb:49 pmb:964 smb:2587 d:- ref:0 ;
in:222 out:223 type:b dur:2 cpbdur:2 q:37.80 aq:36.78 tex:23163 mv:4654 misc:2543 imb:39 pmb:1332 smb:2229 d:- ref:0 ;
in:227 out:224 type:P dur:2 cpbdur:2 q:38.09 aq:34.65 tex:215989 mv:20979 misc:432 imb:2634 pmb:966 smb:0 d:- ref:0 w:3,9,-67,7,111,18,117,13 ;
in:225 out:225 type:B dur:2 cpbdur:2 q:37.95 aq:35.38 tex:82357 mv:16781 misc:1318 imb:532 pmb:2051 smb:1017 d:- ref:0 ;
in:224 out:226 type:b dur:2 cpbdur:2 q:37.88 aq:36.85 tex:29970 mv:6261 misc:2745 imb:84 pmb:1670 smb:1846 d:- ref:0 ;
in:226 out:227 type:b dur:2 cpbdur:2 q:38.02 aq:37.14 tex:9213 mv:5222 misc:2821 imb:105 pmb:1017 smb:2478 d:- ref:0 ;
in:229 out:228 type:P dur:2 cpbdur:2 q:38.49 aq:33.10 tex:137839 mv:21693 misc:1100 imb:1354 pmb:2109 smb:137 d:- ref:0 w:7,111,0,6,61,7,57,14 ;
in:228 out:229 type:b dur:2 cpbdur:2 q:38.29 aq:37.42 tex:9712 mv:6531 misc:2925 imb:409 pmb:871 smb:2320 d:- ref:0 ;
in:233 out:230 type:P dur:2 cpbdur:2 q:38.54 aq:32.19 tex:97634 mv:16414 misc:2448 imb:701 pmb:1987 smb:912 d:- ref:0 w:0,1,-2,5,31,4,32,0 ;
in:231 out:231 type:B dur:2 cpbdur:2 q:38.52 aq:35.80 tex:1914 mv:2817 misc:1845 imb:2 pmb:413 smb:3185 d:- ref:0 ;
in:230 out:232 type:b dur:2 cpbdur:2 q:38.50 aq:35.41 tex:524 mv:587 misc:689 imb:1 pmb:86 smb:3513 d:- ref:0 ;
in:232 out:233 type:b dur:2 cpbdur:2 q:38.53 aq:33.05 tex:117 mv:262 misc:421 imb:3 pmb:28 smb:3569 d:- ref:0 ;
in:234 out:234 type:P dur:2 cpbdur:2 q:39.27 aq:32.50 tex:2895 mv:764 misc:1149 imb:16 pmb:184 smb:3400 d:- ref:0 ;
in:238 out:235 type:P dur:2 cpbdur:2 q:39.26 aq:33.57 tex:43848 mv:9376 misc:2696 imb:95 pmb:1599 smb:1906 d:- ref:0 ;
in:236 out:236 type:B dur:2 cpbdur:2 q:39.26 aq:36.18 tex:621 mv:1502 misc:949 imb:2 pmb:164 smb:3434 d:- ref:0 ;
in:235 out:237 type:b dur:2 cpbdur:2 q:39.27 aq:32.17 tex:132 mv:133 misc:311 imb:1 pmb:13 smb:3586 d:- ref:0 ;
in:237 out:238 type:b dur:2 cpbdur:2 q:39.26 aq:27.19 tex:100 mv:58 misc:282 imb:0 pmb:8 smb:3592 d:- ref:0 ;
in:242 out:239 type:P dur:2 cpbdur:2 q:41.07 aq:33.69 tex:100168 mv:15427 misc:1957 imb:839 pmb:2270 smb:491 d:- ref:0 w:6,65,-3,7,115,13,115,13 ;
in:240 out:240 type:B dur:2 cpbdur:2 q:40.16 aq:36.16 tex:711 mv:971 misc:1054 imb:3 pmb:169 smb:3428 d:- ref:0 ;
in:239 out:241 type:b dur:2 cpbdur:2 q:39.71 aq:31.02 tex:84 mv:69 misc:287 imb:0 pmb:12 smb:3588 d:- ref:0 ;
in:241 out:242 type:b dur:2 cpbdur:2 q:40.62 aq:33.65 tex:40 mv:151 misc:281 imb:0 pmb:17 smb:3583 d:- ref:0 ;
in:246 out:243 type:P dur:2 cpbdur:2 q:42.38 aq:34.99 tex:8726 mv:4444 misc:2494 imb:13 pmb:786 smb:2801 d:- ref:0 ;
in:244 out:244 type:B dur:2 cpbdur:2 q:41.72 aq:34.68 tex:223 mv:474 misc:463 imb:0 pmb:50 smb:3550 d:- ref:0 ;
in:243 out:245 type:b dur:2 cpbdur:2 q:41.40 aq:34.00 tex:0 mv:0 misc:224 imb:0 pmb:0 smb:3600 d:- ref:0 ;
in:245 out:246 type:b dur:2 cpbdur:2 q:42.05 aq:35.90 tex:34 mv:6 misc:232 imb:0 pmb:1 smb:3599 d:- ref:0 ;
in:248 out:247 type:P dur:2 cpbdur:2 q:42.77 aq:35.59 tex:6505 mv:3950 misc:2369 imb:16 pmb:694 smb:2890 d:- ref:0 ;
in:247 out:248 type:b dur:2 cpbdur:2 q:42.57 aq:35.00 tex:1 mv:10 misc:229 imb:0 pmb:1 smb:3599 d:- ref:0 ;
in:252 out:249 type:P dur:2 cpbdur:2 q:42.97 aq:37.29 tex:6084 mv:4936 misc:2500 imb:11 pmb:765 smb:2824 d:- ref:0 ;
in:250 out:250 type:B dur:2 cpbdur:2 q:42.87 aq:35.29 tex:41 mv:70 misc:305 imb:0 pmb:9 smb:3591 d:- ref:0 ;
in:249 out:251 type:b dur:2 cpbdur:2 q:42.82 aq:35.00 tex:0 mv:0 misc:224 imb:0 pmb:0 smb:3600 d:- ref:0 ;
in:251 out:252 type:b dur:2 cpbdur:2 q:42.92 aq:35.97 tex:35 mv:6 misc:231 imb:0 pmb:1 smb:3599 d:- ref:0 ;
in:256 out:253 type:P dur:2 cpbdur:2 q:42.87 aq:35.32 tex:22086 mv:9143 misc:3251 imb:128 pmb:1457 smb:2015 d:- ref:0 w:0,1,-1 ;
in:254 out:254 type:B dur:2 cpbdur:2 q:42.92 aq:35.67 tex:85 mv:225 misc:362 imb:0 pmb:21 smb:3579 d:- ref:0 ;
in:253 out:255 type:b dur:2 cpbdur:2 q:42.95 aq:35.00 tex:0 mv:0 misc:224 imb:0 pmb:0 smb:3600 d:- ref:0 ;
in:255 out:256 type:b dur:2 cpbdur:2 q:42.89 aq:37.00 tex:0 mv:0 misc:224 imb:0 pmb:0 smb:3600 d:- ref:0 ;
in:258 out:257 type:P dur:2 cpbdur:2 q:42.88 aq:34.90 tex:12574 mv:4674 misc:2576 imb:26 pmb:906 smb:2668 d:- ref:0 ;
in:257 out:258 type:b dur:2 cpbdur:2 q:42.87 aq:37.00 tex:0 mv:0 misc:224 imb:0 pmb:0 smb:3600 d:- ref:0 ;
in:262 out:259 type:P dur:2 cpbdur:2 q:42.71 aq:35.66 tex:11239 mv:5754 misc:2759 imb:21 pmb:992 smb:2587 d:- ref:0 ;
in:260 out:260 type:B dur:2 cpbdur:2 q:42.80 aq:36.45 tex:43 mv:73 misc:284 imb:0 pmb:6 smb:3594 d:- ref:0 ;
in:259 out:261 type:b dur:2 cpbdur:2 q:42.84 aq:37.00 tex:0 mv:0 misc:224 imb:0 pmb:0 smb:3600 d:- ref:0 ;
in:261 out:262 type:b dur:2 cpbdur:2 q:42.75 aq:37.37 tex:31 mv:5 misc:236 imb:0 pmb:1 smb:3599 d:- ref:0 ;
in:266 out:263 type:P dur:2 cpbdur:2 q:42.40 aq:36.63 tex:13350 mv:6096 misc:2794 imb:28 pmb:1009 smb:2563 d:- ref:0 ;
in:264 out:264 type:B dur:2 cpbdur:2 q:42.56 aq:35.96 tex:104 mv:283 misc:437 imb:0 pmb:37 smb:3563 d:- ref:0 ;
in:263 out:265 type:b dur:2 cpbdur:2 q:42.63 aq:37.00 tex:1 mv:4 misc:235 imb:0 pmb:1 smb:3599 d:- ref:0 ;
in:265 out:266 type:b dur:2 cpbdur:2 q:42.48 aq:37.00 tex:0 mv:12 misc:236 imb:0 pmb:1 smb:3599 d:- ref:0 ;
in:270 out:267 type:P dur:2 cpbdur:2 q:42.18 aq:34.52 tex:36153 mv:10469 misc:3194 imb:233 pmb:1712 smb:1655 d:- ref:0 ;
in:268 out:268 type:B dur:2 cpbdur:2 q:42.29 aq:33.18 tex:181 mv:267 misc:432 imb:0 pmb:40 smb:3560 d:- ref:0 ;
in:267 out:269 type:b dur:2 cpbdur:2 q:42.34 aq:37.00 tex:1 mv:2 misc:237 imb:0 pmb:1 smb:3599 d:- ref:0 ;
in:269 out:270 type:b dur:2 cpbdur:2 q:42.23 aq:36.00 tex:0 mv:0 misc:224 imb:0 pmb:0 smb:3600 d:- ref:0 ;
in:274 out:271 type:P dur:2 cpbdur:2 q:42.06 aq:35.27 tex:14704 mv:5364 misc:2636 imb:19 pmb:993 smb:2588 d:- ref:0 ;
in:272 out:272 type:B dur:2 cpbdur:2 q:42.12 aq:35.47 tex:53 mv:169 misc:354 imb:0 pmb:22 smb:3578 d:- ref:0 ;
in:271 out:273 type:b dur:2 cpbdur:2 q:42.15 aq:36.42 tex:36 mv:14 misc:246 imb:0 pmb:2 smb:3598 d:- ref:0 ;
in:273 out:274 type:b dur:2 cpbdur:2 q:42.09 aq:36.00 tex:0 mv:0 misc:224 imb:0 pmb:0 smb:3600 d:- ref:0 ;
in:278 out:275 type:P dur:2 cpbdur:2 q:41.84 aq:35.65 tex:16485 mv:6503 misc:2820 imb:24 pmb:1130 smb:2446 d:- ref:0 ;
in:276 out:276 type:B dur:2 cpbdur:2 q:41.95 aq:35.78 tex:99 mv:578 misc:539 imb:0 pmb:69 smb:3531 d:- ref:0 ;
in:275 out:277 type:b dur:2 cpbdur:2 q:42.01 aq:36.47 tex:32 mv:3 misc:237 imb:0 pmb:1 smb:3599 d:- ref:0 ;
in:277 out:278 type:b dur:2 cpbdur:2 q:41.89 aq:36.00 tex:0 mv:16 misc:232 imb:0 pmb:1 smb:3599 d:- ref:0 ;
in:282 out:279 type:P dur:2 cpbdur:2 q:41.63 aq:36.49 tex:11238 mv:5397 misc:2645 imb:16 pmb:903 smb:2681 d:- ref:0 ;
in:280 out:280 type:B dur:2 cpbdur:2 q:41.74 aq:35.00 tex:5 mv:163 misc:360 imb:0 pmb:20 smb:3580 d:- ref:0 ;
in:279 out:281 type:b dur:2 cpbdur:2 q:41.79 aq:36.00 tex:0 mv:0 misc:224 imb:0 pmb:0 smb:3600 d:- ref:0 ;
in:281 out:282 type:b dur:2 cpbdur:2 q:41.68 aq:36.52 tex:42 mv:7 misc:231 imb:0 pmb:1 smb:3599 d:- ref:0 ;
in:286 out:283 type:P dur:2 cpbdur:2 q:41.41 aq:34.56 tex:29107 mv:10268 misc:3289 imb:299 pmb:1542 smb:1759 d:- ref:0 ;
in:284 out:284 type:B dur:2 cpbdur:2 q:41.52 aq:34.80 tex:526 mv:657 misc:649 imb:0 pmb:90 smb:3510 d:- ref:0 ;
in:283 out:285 type:b dur:2 cpbdur:2 q:41.58 aq:36.00 tex:0 mv:0 misc:224 imb:0 pmb:0 smb:3600 d:- ref:0 ;
in:285 out:286 type:b dur:2 cpbdur:2 q:41.47 aq:34.58 tex:229 mv:60 misc:287 imb:0 pmb:15 smb:3585 d:- ref:0 ;
in:288 out:287 type:P dur:2 cpbdur:2 q:41.39 aq:34.75 tex:14571 mv:5002 misc:2739 imb:31 pmb:956 smb:2613 d:- ref:0 ;
in:287 out:288 type:b dur:2 cpbdur:2 q:41.40 aq:35.00 tex:0 mv:16 misc:232 imb:0 pmb:1 smb:3599 d:- ref:0 ;
in:292 out:289 type:P dur:2 cpbdur:2 q:41.32 aq:34.59 tex:7269 mv:4827 misc:2552 imb:15 pmb:787 smb:2798 d:- ref:0 ;
in:290 out:290 type:B dur:2 cpbdur:2 q:41.35 aq:35.41 tex:86 mv:201 misc:361 imb:0 pmb:21 smb:3579 d:- ref:0 ;
in:289 out:291 type:b dur:2 cpbdur:2 q:41.37 aq:35.00 tex:0 mv:0 misc:224 imb:0 pmb:0 smb:3600 d:- ref:0 ;
in:291 out:292 type:b dur:2 cpbdur:2 q:41.34 aq:35.56 tex:74 mv:33 misc:269 imb:0 pmb:6 smb:3594 d:- ref:0 ;
in:296 out:293 type:P dur:2 cpbdur:2 q:41.14 aq:37.79 tex:3147 mv:4403 misc:2258 imb:10 pmb:615 smb:2975 d:- ref:0 ;
in:294 out:294 type:B dur:2 cpbdur:2 q:41.23 aq:35.32 tex:434 mv:600 misc:574 imb:0 pmb:75 smb:3525 d:- ref:0 ;
in:293 out:295 type:b dur:2 cpbdur:2 q:41.28 aq:35.00 tex:1 mv:2 misc:237 imb:0 pmb:1 smb:3599 d:- ref:0 ;
in:295 out:296 type:b dur:2 cpbdur:2 q:41.19 aq:35.51 tex:36 mv:25 misc:243 imb:0 pmb:3 smb:3597 d:- ref:0 ;
in:298 out:297 type:P dur:2 cpbdur:2 q:40.95 aq:38.31 tex:1772 mv:2816 misc:1676 imb:6 pmb:386 smb:3208 d:- ref:0 ;
in:297 out:298 type:b dur:2 cpbdur:2 q:41.05 aq:36.20 tex:80 mv:22 misc:258 imb:0 pmb:4 smb:3596 d:- ref:0 ;
in:299 out:299 type:P dur:2 cpbdur:2 q:40.81 aq:35.00 tex:0 mv:0 misc:240 imb:0 pmb:0 smb:3600 d:- ref:0 ;
